// Jest Snapshot v1, https://goo.gl/fbAQLP

exports[`<RowOptionsLink /> renders RowOptionsLink 1`] = `
.c1 {
  display: -webkit-box;
  display: -webkit-flex;
  display: -ms-flexbox;
  display: flex;
  -webkit-flex: 0 1 auto;
  -ms-flex: 0 1 auto;
  flex: 0 1 auto;
  -webkit-flex-direction: row;
  -ms-flex-direction: row;
  flex-direction: row;
  -webkit-flex-wrap: wrap;
  -ms-flex-wrap: wrap;
  flex-wrap: wrap;
  box-sizing: border-box;
  margin-left: -8px;
  margin-right: -8px;
}

.c1 .c1 {
  -webkit-flex: 0 1 100%;
  -ms-flex: 0 1 100%;
  flex: 0 1 100%;
  margin-left: 0;
  margin-right: 0;
}

.c2 {
  box-sizing: border-box;
  padding-right: 8px;
  padding-left: 8px;
  max-width: 100%;
  display: block;
  -webkit-flex: 0 0 100%;
  -ms-flex: 0 0 100%;
  flex: 0 0 100%;
}

.c4 {
  -webkit-text-decoration: none;
  text-decoration: none;
  -webkit-transition: color 0.3s ease;
  transition: color 0.3s ease;
  -webkit-transition: text-decoration 0.3s ease;
  transition: text-decoration 0.3s ease;
  -webkit-transition: -webkit-transform 0.1s linear;
  -webkit-transition: transform 0.1s linear;
  transition: transform 0.1s linear;
  font-weight: 600;
  font-size: 14px;
  line-height: 1.25;
  color: #026cdf;
  display: inline-block;
  -webkit-appearance: none;
  -moz-appearance: none;
  appearance: none;
  border: 0;
  outline: 0;
  background: transparent;
  padding: 0;
  cursor: pointer;
}

.c4:focus {
  outline: none;
  -webkit-text-decoration-line: underline;
  text-decoration-line: underline;
  -webkit-text-decoration-style: double;
  text-decoration-style: double;
}

.c4:visited {
  color: #013670;
}

.c4:active {
  -webkit-transform: scale(0.98,0.98) translate(0,1px);
  -ms-transform: scale(0.98,0.98) translate(0,1px);
  transform: scale(0.98,0.98) translate(0,1px);
  color: #013670;
}

.c4:hover {
  color: #0150a7;
}

.c6 {
  -webkit-text-decoration: none;
  text-decoration: none;
  -webkit-transition: color 0.3s ease;
  transition: color 0.3s ease;
  -webkit-transition: text-decoration 0.3s ease;
  transition: text-decoration 0.3s ease;
  -webkit-transition: -webkit-transform 0.1s linear;
  -webkit-transition: transform 0.1s linear;
  transition: transform 0.1s linear;
  font-weight: 600;
  font-size: 14px;
  line-height: 1.25;
  color: #026cdf;
  display: inline-block;
  cursor: pointer;
}

.c6:focus {
  outline: none;
  -webkit-text-decoration-line: underline;
  text-decoration-line: underline;
  -webkit-text-decoration-style: double;
  text-decoration-style: double;
}

.c6:visited {
  color: #013670;
}

.c6:active {
  -webkit-transform: scale(0.98,0.98) translate(0,1px);
  -ms-transform: scale(0.98,0.98) translate(0,1px);
  transform: scale(0.98,0.98) translate(0,1px);
  color: #013670;
}

.c6:hover {
  color: #0150a7;
}

.c0 {
  width: 100%;
  padding-left: 101px;
  padding-bottom: 8px;
}

.c3 {
  display: inline-block;
}

.c5 {
  display: none;
}

@media screen and (min-width:768px) {
  .c1 {
    margin-left: -12px;
    margin-right: -12px;
  }
}

@media screen and (min-width:768px) {
  .c2 {
    padding-right: 12px;
    padding-left: 12px;
    max-width: 100%;
    display: block;
    -webkit-flex: 0 0 100%;
    -ms-flex: 0 0 100%;
    flex: 0 0 100%;
  }
}

@media screen and (min-width:1024px) {
  .c2 {
    max-width: 100%;
    display: block;
    -webkit-flex: 0 0 100%;
    -ms-flex: 0 0 100%;
    flex: 0 0 100%;
  }
}

@media screen and (min-width:1440px) {
  .c2 {
    max-width: 100%;
    display: block;
    -webkit-flex: 0 0 100%;
    -ms-flex: 0 0 100%;
    flex: 0 0 100%;
  }
}

@media screen and (min-width:768px) {
  .c0 {
    padding-left: calc(15px + 16px + 16px + 116px);
  }
}

@media screen and (min-width:768px) {
  .c3 {
    display: none;
  }
}

@media screen and (min-width:768px) {
  .c5 {
    display: inline-block;
    opacity: 1;
    line-height: 1.5;
    -webkit-transition: opacity 0.3s cubic-bezier(0.455,0.03,0.515,0.955) 0.2s;
    transition: opacity 0.3s cubic-bezier(0.455,0.03,0.515,0.955) 0.2s;
  }

  .c5.link--hidden {
    opacity: 0;
    -webkit-transition: opacity 0.1s cubic-bezier(0.55,0.085,0.68,0.53);
    transition: opacity 0.1s cubic-bezier(0.55,0.085,0.68,0.53);
  }
}

<div
  className="c0 c1"
>
  <div
    className="c2"
  >
    <button
      className="link--row-options c3 c4"
      data-index={0}
      href={null}
      onClick={[Function]}
      size="small"
    />
    <span
      className="link--row-options c5 c6"
      data-index={0}
      href=""
      onClick={null}
      size="small"
    />
  </div>
</div>
`;
